// Jest Snapshot v1, https://goo.gl/fbAQLP

exports[`Splash describe render snap 1`] = `
<View
  style={
    {
      "alignItems": "center",
      "backgroundColor": "#fff",
      "flex": 1,
      "justifyContent": "center",
    }
  }
>
  <Text
    style={
      {
        "color": "#000000",
        "fontFamily": "NunitoSans_10pt-Bold",
        "fontSize": 85,
      }
    }
    testID="SplashWrapp"
  >
    Wrapp
  </Text>
</View>
`;
