// Jest Snapshot v1, https://goo.gl/fbAQLP

exports[`Function component screen snap of the screen 1`] = `
<View
  style={
    {
      "flex": 1,
      "padding": 16,
    }
  }
>
  <Text
    style={
      {
        "fontSize": 18,
        "marginBottom": 8,
      }
    }
  >
    Name:
  </Text>
  <TextInput
    onChangeText={[Function]}
    placeholder="Enter your name"
    style={
      {
        "borderColor": "#ccc",
        "borderWidth": 1,
        "fontSize": 16,
        "marginBottom": 16,
        "padding": 8,
      }
    }
    testID="Enter_Name"
    value=""
  />
  <Text
    style={
      {
        "fontSize": 18,
        "marginBottom": 8,
      }
    }
  >
    Email:
  </Text>
  <TextInput
    keyboardType="email-address"
    onChangeText={[Function]}
    placeholder="Enter your email"
    style={
      {
        "borderColor": "#ccc",
        "borderWidth": 1,
        "fontSize": 16,
        "marginBottom": 16,
        "padding": 8,
      }
    }
    testID="Enter_Email"
    value=""
  />
  <Text
    style={
      {
        "fontSize": 18,
        "marginBottom": 8,
      }
    }
  >
    Password:
  </Text>
  <TextInput
    onChangeText={[Function]}
    placeholder="Enter your password"
    secureTextEntry={true}
    style={
      {
        "borderColor": "#ccc",
        "borderWidth": 1,
        "fontSize": 16,
        "marginBottom": 16,
        "padding": 8,
      }
    }
    testID="Enter_Password"
    value=""
  />
  <View
    accessibilityState={
      {
        "busy": undefined,
        "checked": undefined,
        "disabled": undefined,
        "expanded": undefined,
        "selected": undefined,
      }
    }
    accessibilityValue={
      {
        "max": undefined,
        "min": undefined,
        "now": undefined,
        "text": undefined,
      }
    }
    accessible={true}
    collapsable={false}
    focusable={true}
    onBlur={[Function]}
    onClick={[Function]}
    onFocus={[Function]}
    onResponderGrant={[Function]}
    onResponderMove={[Function]}
    onResponderRelease={[Function]}
    onResponderTerminate={[Function]}
    onResponderTerminationRequest={[Function]}
    onStartShouldSetResponder={[Function]}
  >
    <Text>
      Pressable
    </Text>
  </View>
  <View
    accessibilityRole="button"
    accessibilityState={
      {
        "busy": undefined,
        "checked": undefined,
        "disabled": undefined,
        "expanded": undefined,
        "selected": undefined,
      }
    }
    accessibilityValue={
      {
        "max": undefined,
        "min": undefined,
        "now": undefined,
        "text": undefined,
      }
    }
    accessible={true}
    collapsable={false}
    focusable={true}
    onClick={[Function]}
    onResponderGrant={[Function]}
    onResponderMove={[Function]}
    onResponderRelease={[Function]}
    onResponderTerminate={[Function]}
    onResponderTerminationRequest={[Function]}
    onStartShouldSetResponder={[Function]}
    style={
      {
        "opacity": 1,
      }
    }
  >
    <View
      style={
        [
          {},
        ]
      }
    >
      <Text
        style={
          [
            {
              "color": "#007AFF",
              "fontSize": 18,
              "margin": 8,
              "textAlign": "center",
            },
          ]
        }
      >
        Submit
      </Text>
    </View>
  </View>
</View>
`;
