// Jest Snapshot v1, https://goo.gl/fbAQLP

exports[`Render Navigation snap 1`] = `null`;
